Series: "Monster Hunter Orage"
Chapter: 002.0

Series: "Monster Hunter Orage"
Chapter: 004.0

Series: "Monster Hunter Orage"
Chapter: 002.0

